###############################################################################
#
# IAR ELF Linker V7.20.1.7305/W32 for ARM                 05/Apr/2016  18:53:21
# Copyright 2007-2014 IAR Systems AB.
#
#    Output file  =  
#        C:\Users\Theo\Documents\GitHub\MPGL2\firmware_mpgl2\iar_7_20_1\Debug\Exe\mpgl2.out
#    Map file     =  
#        C:\Users\Theo\Documents\GitHub\MPGL2\firmware_mpgl2\iar_7_20_1\Debug\List\mpgl2.map
#    Command line =  
#        C:\Users\Theo\Documents\GitHub\MPGL2\firmware_mpgl2\iar_7_20_1\Debug\Obj\ant.o
#        C:\Users\Theo\Documents\GitHub\MPGL2\firmware_mpgl2\iar_7_20_1\Debug\Obj\ant_api.o
#        C:\Users\Theo\Documents\GitHub\MPGL2\firmware_mpgl2\iar_7_20_1\Debug\Obj\board_cstartup_iar.o
#        C:\Users\Theo\Documents\GitHub\MPGL2\firmware_mpgl2\iar_7_20_1\Debug\Obj\buttons.o
#        C:\Users\Theo\Documents\GitHub\MPGL2\firmware_mpgl2\iar_7_20_1\Debug\Obj\captouch.o
#        C:\Users\Theo\Documents\GitHub\MPGL2\firmware_mpgl2\iar_7_20_1\Debug\Obj\core_cm3.o
#        C:\Users\Theo\Documents\GitHub\MPGL2\firmware_mpgl2\iar_7_20_1\Debug\Obj\debug.o
#        C:\Users\Theo\Documents\GitHub\MPGL2\firmware_mpgl2\iar_7_20_1\Debug\Obj\exceptions.o
#        C:\Users\Theo\Documents\GitHub\MPGL2\firmware_mpgl2\iar_7_20_1\Debug\Obj\interrupts.o
#        C:\Users\Theo\Documents\GitHub\MPGL2\firmware_mpgl2\iar_7_20_1\Debug\Obj\lcd_bitmaps.o
#        C:\Users\Theo\Documents\GitHub\MPGL2\firmware_mpgl2\iar_7_20_1\Debug\Obj\lcd_NHD-C12864LZ.o
#        C:\Users\Theo\Documents\GitHub\MPGL2\firmware_mpgl2\iar_7_20_1\Debug\Obj\leds.o
#        C:\Users\Theo\Documents\GitHub\MPGL2\firmware_mpgl2\libraries\captouch\bin\libsam3u-32qt-k-8rs-iar.a
#        C:\Users\Theo\Documents\GitHub\MPGL2\firmware_mpgl2\iar_7_20_1\Debug\Obj\main.o
#        C:\Users\Theo\Documents\GitHub\MPGL2\firmware_mpgl2\iar_7_20_1\Debug\Obj\messaging.o
#        C:\Users\Theo\Documents\GitHub\MPGL2\firmware_mpgl2\iar_7_20_1\Debug\Obj\mpgl2-ehdw-02.o
#        C:\Users\Theo\Documents\GitHub\MPGL2\firmware_mpgl2\iar_7_20_1\Debug\Obj\sam3u_i2c.o
#        C:\Users\Theo\Documents\GitHub\MPGL2\firmware_mpgl2\iar_7_20_1\Debug\Obj\sam3u_ssp.o
#        C:\Users\Theo\Documents\GitHub\MPGL2\firmware_mpgl2\iar_7_20_1\Debug\Obj\sam3u_uart.o
#        C:\Users\Theo\Documents\GitHub\MPGL2\firmware_mpgl2\iar_7_20_1\Debug\Obj\user_app.o
#        C:\Users\Theo\Documents\GitHub\MPGL2\firmware_mpgl2\iar_7_20_1\Debug\Obj\utilities.o
#        --redirect _Printf=_PrintfTiny --redirect _Scanf=_ScanfSmallNoMb -o
#        C:\Users\Theo\Documents\GitHub\MPGL2\firmware_mpgl2\iar_7_20_1\Debug\Exe\mpgl2.out
#        --map
#        C:\Users\Theo\Documents\GitHub\MPGL2\firmware_mpgl2\iar_7_20_1\Debug\List\mpgl2.map
#        --log initialization,modules,sections --log_file
#        C:\Users\Theo\Documents\GitHub\MPGL2\firmware_mpgl2\iar_7_20_1\Debug\List\mpgl2.log
#        --config
#        C:\Users\Theo\Documents\GitHub\MPGL2\firmware_mpgl2\iar_7_20_1\..\..\firmware_mpg_common\sam3u2-flash.icf
#        --semihosting --entry __iar_program_start --vfe
#
###############################################################################

*******************************************************************************
*** RUNTIME MODEL ATTRIBUTES
***

CppFlavor       = *
__Heap_Handler  = Basic
__SystemLibrary = DLib


*******************************************************************************
*** PLACEMENT SUMMARY
***

"A1":  place at 0x00080000 { ro section .intvec };
"P1":  place in [from 0x00080000 to 0x0009ffff] { ro };
"P2":  place in [from 0x20000000 to 0x20003fff] { rw, block HEAP };
"P3":  place in [from 0x20080000 to 0x20083fff] { block CSTACK };

  Section            Kind        Address    Size  Object
  -------            ----        -------    ----  ------
"A1":                                       0xbc
  .intvec                     0x00080000    0xbc  <Block>
    .intvec          const    0x00080000    0xbc  board_cstartup_iar.o [1]
                            - 0x000800bc    0xbc

"P1":                                     0x6d75
  .text              ro code  0x000800bc   0xf12  ant.o [1]
  .text              ro code  0x00080fce    0x3e  exceptions.o [1]
  .text              ro code  0x0008100c    0x3c  utilities.o [1]
  .text              ro code  0x00081048    0x76  ABImemcpy_unaligned.o [5]
  .text              ro code  0x000810be    0x22  zero_init3.o [5]
  .text              ro code  0x000810e0   0x6a4  debug.o [1]
  .text              ro code  0x00081784   0x8d0  sam3u_ssp.o [1]
  .text              ro code  0x00082054    0xb0  xxmemxmalloc.o [3]
  .text              ro code  0x00082104    0x80  xxmemxfree.o [3]
  .text              ro code  0x00082184   0x29c  messaging.o [1]
  .text              ro code  0x00082420   0x578  sam3u_uart.o [1]
  .text              ro code  0x00082998   0x304  leds.o [1]
  .text              ro code  0x00082c9c    0x66  ABImemset.o [5]
  .rodata            const    0x00082d02     0x2  debug.o [1]
  .text              ro code  0x00082d04    0x2c  xgetmemchunk.o [3]
  .text              ro code  0x00082d30   0x8d4  lcd_NHD-C12864LZ.o [1]
  .text              ro code  0x00083604    0x36  strlen.o [5]
  .rodata            const    0x0008363a     0x2  user_app.o [1]
  .text              ro code  0x0008363c   0x600  sam3u_i2c.o [1]
  .text              ro code  0x00083c3c   0x5c6  user_app.o [1]
  .text              ro code  0x00084202    0x1c  strcat.o [3]
  .text              ro code  0x00084220    0x42  strcmp_unaligned.o [5]
  .text              ro code  0x00084264   0x40c  mpgl2-ehdw-02.o [1]
  .text              ro code  0x00084670   0x20c  ant_api.o [1]
  .text              ro code  0x0008487c   0x2a4  buttons.o [1]
  SAM_QTOUCH         ro code  0x00084b20   0x4d0  burst_10_AA_BB.o [4]
  SAM_QTOUCH         ro code  0x00084ff0   0x20c  touch_api.o [4]
  SAM_QTOUCH         ro code  0x000851fc   0x444  touch_process.o [4]
  SAM_QTOUCH         ro code  0x00085640    0x60  touch_burst_qt.o [4]
  SAM_QTOUCH         ro code  0x000856a0   0x360  touch_rs_qt.o [4]
  .rodata            const    0x00085a00   0x2a0  lcd_bitmaps.o [1]
  .text              ro code  0x00085ca0   0x1dc  interrupts.o [1]
  .text              ro code  0x00085e7c   0x1c2  lz77_init.o [5]
  .text              ro code  0x0008603e     0x6  abort.o [3]
  .text              ro code  0x00086044    0x14  exit.o [6]
  .text              ro code  0x00086058   0x184  captouch.o [1]
  .rodata            const    0x000861dc   0x160  lcd_bitmaps.o [1]
  SAM_QTOUCH         ro code  0x0008633c   0x148  calc_masks.o [4]
  .rodata            const    0x00086484   0x118  lcd_bitmaps.o [1]
  .text              ro code  0x0008659c    0xb8  main.o [1]
  .rodata            const    0x00086654    0x48  debug.o [1]
  .rodata            const    0x0008669c    0x3c  debug.o [1]
  .rodata            const    0x000866d8    0x2c  ant.o [1]
  .rodata            const    0x00086704    0x28  ant.o [1]
  .text              ro code  0x0008672c    0x28  data_init.o [5]
  .rodata            const    0x00086754    0x24  ant.o [1]
  .rodata            const    0x00086778    0x24  captouch.o [1]
  .rodata            const    0x0008679c    0x24  debug.o [1]
  .rodata            const    0x000867c0    0x24  debug.o [1]
  .rodata            const    0x000867e4    0x24  debug.o [1]
  .rodata            const    0x00086808    0x24  debug.o [1]
  .rodata            const    0x0008682c    0x24  debug.o [1]
  .rodata            const    0x00086850    0x24  debug.o [1]
  .rodata            const    0x00086874    0x24  debug.o [1]
  .rodata            const    0x00086898    0x24  debug.o [1]
  .rodata            const    0x000868bc    0x24  debug.o [1]
  .iar.init_table    const    0x000868e0    0x2c  - Linker created -
  .rodata            const    0x0008690c    0x20  interrupts.o [1]
  .rodata            const    0x0008692c    0x20  sam3u_uart.o [1]
  .rodata            const    0x0008694c    0x1c  ant.o [1]
  .rodata            const    0x00086968    0x1c  debug.o [1]
  .rodata            const    0x00086984    0x1c  debug.o [1]
  .text              ro code  0x000869a0    0x1a  cmain.o [5]
  .text              ro code  0x000869bc    0x14  board_cstartup_iar.o [1]
  .text              ro code  0x000869d0     0x4  exit.o [3]
  .text              ro code  0x000869d4     0xa  cexit.o [5]
  .rodata            const    0x000869e0    0x18  ant.o [1]
  .rodata            const    0x000869f8    0x18  ant.o [1]
  .rodata            const    0x00086a10    0x18  captouch.o [1]
  .rodata            const    0x00086a28    0x14  ant.o [1]
  .rodata            const    0x00086a3c    0x14  ant.o [1]
  .rodata            const    0x00086a50    0x14  ant.o [1]
  .rodata            const    0x00086a64    0x14  captouch.o [1]
  .rodata            const    0x00086a78    0x10  captouch.o [1]
  .rodata            const    0x00086a88     0xc  captouch.o [1]
  .rodata            const    0x00086a94     0xc  debug.o [1]
  .rodata            const    0x00086aa0     0xc  debug.o [1]
  .text              ro code  0x00086aac     0xc  cstartup_M.o [5]
  .rodata            const    0x00086ab8     0x8  ant.o [1]
  .rodata            const    0x00086ac0     0x8  ant_api.o [1]
  .rodata            const    0x00086ac8     0x8  ant_api.o [1]
  .rodata            const    0x00086ad0     0x8  ant_api.o [1]
  .rodata            const    0x00086ad8     0x8  ant_api.o [1]
  .rodata            const    0x00086ae0     0x8  ant_api.o [1]
  .rodata            const    0x00086ae8     0x8  buttons.o [1]
  .rodata            const    0x00086af0     0x8  debug.o [1]
  .rodata            const    0x00086af8     0x4  ant_api.o [1]
  .rodata            const    0x00086afc     0x4  user_app.o [1]
  .rodata            const    0x00086b00     0x4  user_app.o [1]
  .rodata            const    0x00086b04     0x4  user_app.o [1]
  .rodata            const    0x00086b08     0x4  user_app.o [1]
  .rodata            const    0x00086b0c     0x4  user_app.o [1]
  .rodata            const    0x00086b10     0x4  user_app.o [1]
  .rodata            const    0x00086b14     0x4  user_app.o [1]
  .rodata            const    0x00086b18     0x4  user_app.o [1]
  .rodata            const    0x00086b1c     0x4  user_app.o [1]
  .rodata            const    0x00086b20     0x4  user_app.o [1]
  .rodata            const    0x00086b24     0x4  user_app.o [1]
  .rodata            const    0x00086b28     0x4  user_app.o [1]
  .rodata            const    0x00086b2c     0x0  zero_init3.o [5]
  .rodata            const    0x00086b2c     0x0  lz77_init.o [5]
  Initializer bytes  ro data  0x00086b2c   0x305  <for P2 s0>
                            - 0x00086e31  0x6d75

"P2":                                     0x3e60
  P2 s0                       0x20000000   0x49c  <Init block>
    .data            inited   0x20000000    0x9c  user_app.o [1]
    .data            inited   0x2000009c    0x84  leds.o [1]
    .data            inited   0x20000120    0x50  ant.o [1]
    .data            inited   0x20000170    0x44  debug.o [1]
    .data            inited   0x200001b4    0x40  ant.o [1]
    .data            inited   0x200001f4    0x40  debug.o [1]
    .data            inited   0x20000234    0x34  leds.o [1]
    .data            inited   0x20000268    0x20  ant.o [1]
    .data            inited   0x20000288    0x20  ant.o [1]
    .data            inited   0x200002a8    0x20  debug.o [1]
    .data            inited   0x200002c8    0x20  mpgl2-ehdw-02.o [1]
    .data            inited   0x200002e8    0x1c  ant.o [1]
    .data            inited   0x20000304    0x1c  user_app.o [1]
    .data            inited   0x20000320    0x18  ant.o [1]
    .data            inited   0x20000338    0x18  ant.o [1]
    .data            inited   0x20000350    0x18  debug.o [1]
    .data            inited   0x20000368    0x18  leds.o [1]
    .data            inited   0x20000380    0x18  sam3u_ssp.o [1]
    .data            inited   0x20000398    0x18  sam3u_ssp.o [1]
    .data            inited   0x200003b0    0x14  ant.o [1]
    .data            inited   0x200003c4    0x14  ant.o [1]
    .data            inited   0x200003d8    0x14  ant.o [1]
    .data            inited   0x200003ec    0x14  ant.o [1]
    .data            inited   0x20000400    0x14  buttons.o [1]
    .data            inited   0x20000414    0x14  debug.o [1]
    .data            inited   0x20000428    0x10  ant.o [1]
    .data            inited   0x20000438     0xc  lcd_NHD-C12864LZ.o [1]
    .data            inited   0x20000444     0xc  lcd_NHD-C12864LZ.o [1]
    .data            inited   0x20000450     0xc  lcd_NHD-C12864LZ.o [1]
    .data            inited   0x2000045c     0x8  ant.o [1]
    .data            inited   0x20000464     0x8  ant.o [1]
    .data            inited   0x2000046c     0x8  debug.o [1]
    .data            inited   0x20000474     0x8  lcd_NHD-C12864LZ.o [1]
    .data            inited   0x2000047c     0x8  utilities.o [1]
    .data            inited   0x20000484     0x8  utilities.o [1]
    .data            inited   0x2000048c     0x4  buttons.o [1]
    .data            inited   0x20000490     0x4  debug.o [1]
    .data            inited   0x20000494     0x4  messaging.o [1]
    .data            inited   0x20000498     0x2  interrupts.o [1]
    .data            inited   0x2000049a     0x1  debug.o [1]
    .data            inited   0x2000049b     0x1  touch_api.o [4]
  .bss               zero     0x2000049c   0x900  messaging.o [1]
  .bss               zero     0x20000d9c   0x400  lcd_NHD-C12864LZ.o [1]
  .bss               zero     0x2000119c   0x300  messaging.o [1]
  .bss               zero     0x2000149c   0x100  ant.o [1]
  .bss               zero     0x2000159c   0x100  sam3u_i2c.o [1]
  .bss               zero     0x2000169c   0x100  touch_process.o [4]
  .bss               zero     0x2000179c    0x90  touch_api.o [4]
  .bss               zero     0x2000182c    0x80  debug.o [1]
  .bss               zero     0x200018ac    0x80  lcd_NHD-C12864LZ.o [1]
  .bss               zero     0x2000192c    0x80  sam3u_ssp.o [1]
  .bss               zero     0x200019ac    0x40  debug.o [1]
  .bss               zero     0x200019ec    0x34  sam3u_ssp.o [1]
  .bss               zero     0x20001a20    0x34  sam3u_ssp.o [1]
  .bss               zero     0x20001a54    0x34  sam3u_ssp.o [1]
  .bss               zero     0x20001a88    0x30  user_app.o [1]
  .bss               zero     0x20001ab8    0x28  touch_rs_qt.o [4]
  .bss               zero     0x20001ae0    0x24  ant.o [1]
  .bss               zero     0x20001b04    0x24  lcd_NHD-C12864LZ.o [1]
  .bss               zero     0x20001b28    0x24  sam3u_uart.o [1]
  .bss               zero     0x20001b4c    0x24  sam3u_uart.o [1]
  .bss               zero     0x20001b70    0x24  sam3u_uart.o [1]
  .bss               zero     0x20001b94    0x24  sam3u_uart.o [1]
  .bss               zero     0x20001bb8    0x24  touch_process.o [4]
  .bss               zero     0x20001bdc    0x20  touch_burst_qt.o [4]
  .bss               zero     0x20001bfc    0x1c  user_app.o [1]
  .bss               zero     0x20001c18    0x1c  user_app.o [1]
  .bss               zero     0x20001c34    0x1c  user_app.o [1]
  .bss               zero     0x20001c50    0x1c  user_app.o [1]
  .bss               zero     0x20001c6c    0x1c  user_app.o [1]
  .bss               zero     0x20001c88    0x1c  user_app.o [1]
  .bss               zero     0x20001ca4    0x14  touch_api.o [4]
  .bss               zero     0x20001cb8    0x10  sam3u_i2c.o [1]
  .bss               zero     0x20001cc8     0xc  ant.o [1]
  .bss               zero     0x20001cd4     0xc  ant.o [1]
  .bss               zero     0x20001ce0     0x8  buttons.o [1]
  .bss               zero     0x20001ce8     0x8  buttons.o [1]
  .bss               zero     0x20001cf0     0x8  lcd_NHD-C12864LZ.o [1]
  .bss               zero     0x20001cf8     0x8  lcd_NHD-C12864LZ.o [1]
  .bss               zero     0x20001d00     0x8  xxmemxmalloc.o [3]
  .bss               zero     0x20001d08     0x4  ant.o [1]
  .bss               zero     0x20001d0c     0x4  ant.o [1]
  .bss               zero     0x20001d10     0x4  ant.o [1]
  .bss               zero     0x20001d14     0x4  ant.o [1]
  .bss               zero     0x20001d18     0x4  ant.o [1]
  .bss               zero     0x20001d1c     0x4  ant.o [1]
  .bss               zero     0x20001d20     0x4  ant.o [1]
  .bss               zero     0x20001d24     0x4  ant.o [1]
  .bss               zero     0x20001d28     0x4  ant.o [1]
  .bss               zero     0x20001d2c     0x4  ant.o [1]
  .bss               zero     0x20001d30     0x4  ant.o [1]
  .bss               zero     0x20001d34     0x4  ant.o [1]
  .bss               zero     0x20001d38     0x4  ant.o [1]
  .bss               zero     0x20001d3c     0x4  ant.o [1]
  .bss               zero     0x20001d40     0x4  ant.o [1]
  .bss               zero     0x20001d44     0x4  ant.o [1]
  .bss               zero     0x20001d48     0x4  ant.o [1]
  .bss               zero     0x20001d4c     0x4  ant.o [1]
  .bss               zero     0x20001d50     0x4  ant.o [1]
  .bss               zero     0x20001d54     0x4  ant.o [1]
  .bss               zero     0x20001d58     0x4  ant.o [1]
  .bss               zero     0x20001d5c     0x4  buttons.o [1]
  .bss               zero     0x20001d60     0x4  captouch.o [1]
  .bss               zero     0x20001d64     0x4  captouch.o [1]
  .bss               zero     0x20001d68     0x4  debug.o [1]
  .bss               zero     0x20001d6c     0x4  debug.o [1]
  .bss               zero     0x20001d70     0x4  debug.o [1]
  .bss               zero     0x20001d74     0x4  debug.o [1]
  .bss               zero     0x20001d78     0x4  debug.o [1]
  .bss               zero     0x20001d7c     0x4  debug.o [1]
  .bss               zero     0x20001d80     0x4  debug.o [1]
  .bss               zero     0x20001d84     0x4  lcd_NHD-C12864LZ.o [1]
  .bss               zero     0x20001d88     0x4  lcd_NHD-C12864LZ.o [1]
  .bss               zero     0x20001d8c     0x4  lcd_NHD-C12864LZ.o [1]
  .bss               zero     0x20001d90     0x4  lcd_NHD-C12864LZ.o [1]
  .bss               zero     0x20001d94     0x4  lcd_NHD-C12864LZ.o [1]
  .bss               zero     0x20001d98     0x4  lcd_NHD-C12864LZ.o [1]
  .bss               zero     0x20001d9c     0x4  lcd_NHD-C12864LZ.o [1]
  .bss               zero     0x20001da0     0x4  lcd_NHD-C12864LZ.o [1]
  .bss               zero     0x20001da4     0x4  main.o [1]
  .bss               zero     0x20001da8     0x4  main.o [1]
  .bss               zero     0x20001dac     0x4  messaging.o [1]
  .bss               zero     0x20001db0     0x4  messaging.o [1]
  .bss               zero     0x20001db4     0x4  messaging.o [1]
  .bss               zero     0x20001db8     0x4  messaging.o [1]
  .bss               zero     0x20001dbc     0x4  mpgl2-ehdw-02.o [1]
  .bss               zero     0x20001dc0     0x4  mpgl2-ehdw-02.o [1]
  .bss               zero     0x20001dc4     0x4  mpgl2-ehdw-02.o [1]
  .bss               zero     0x20001dc8     0x4  mpgl2-ehdw-02.o [1]
  .bss               zero     0x20001dcc     0x4  sam3u_i2c.o [1]
  .bss               zero     0x20001dd0     0x4  sam3u_i2c.o [1]
  .bss               zero     0x20001dd4     0x4  sam3u_i2c.o [1]
  .bss               zero     0x20001dd8     0x4  sam3u_i2c.o [1]
  .bss               zero     0x20001ddc     0x4  sam3u_i2c.o [1]
  .bss               zero     0x20001de0     0x4  sam3u_i2c.o [1]
  .bss               zero     0x20001de4     0x4  sam3u_ssp.o [1]
  .bss               zero     0x20001de8     0x4  sam3u_ssp.o [1]
  .bss               zero     0x20001dec     0x4  sam3u_ssp.o [1]
  .bss               zero     0x20001df0     0x4  sam3u_ssp.o [1]
  .bss               zero     0x20001df4     0x4  sam3u_ssp.o [1]
  .bss               zero     0x20001df8     0x4  sam3u_ssp.o [1]
  .bss               zero     0x20001dfc     0x4  sam3u_ssp.o [1]
  .bss               zero     0x20001e00     0x4  sam3u_ssp.o [1]
  .bss               zero     0x20001e04     0x4  sam3u_ssp.o [1]
  .bss               zero     0x20001e08     0x4  sam3u_ssp.o [1]
  .bss               zero     0x20001e0c     0x4  sam3u_ssp.o [1]
  .bss               zero     0x20001e10     0x4  sam3u_uart.o [1]
  .bss               zero     0x20001e14     0x4  sam3u_uart.o [1]
  .bss               zero     0x20001e18     0x4  sam3u_uart.o [1]
  .bss               zero     0x20001e1c     0x4  sam3u_uart.o [1]
  .bss               zero     0x20001e20     0x4  sam3u_uart.o [1]
  .bss               zero     0x20001e24     0x4  sam3u_uart.o [1]
  .bss               zero     0x20001e28     0x4  sam3u_uart.o [1]
  .bss               zero     0x20001e2c     0x4  sam3u_uart.o [1]
  .bss               zero     0x20001e30     0x4  sam3u_uart.o [1]
  .bss               zero     0x20001e34     0x4  sam3u_uart.o [1]
  .bss               zero     0x20001e38     0x4  user_app.o [1]
  .bss               zero     0x20001e3c     0x4  xgetmemchunk.o [3]
  .bss               zero     0x20001e40     0x2  buttons.o [1]
  .bss               zero     0x20001e42     0x2  buttons.o [1]
  .bss               zero     0x20001e44     0x2  buttons.o [1]
  .bss               zero     0x20001e46     0x2  buttons.o [1]
  .bss               zero     0x20001e48     0x2  debug.o [1]
  .bss               zero     0x20001e4a     0x1  ant.o [1]
  .bss               zero     0x20001e4b     0x1  ant.o [1]
  .bss               zero     0x20001e4c     0x1  ant.o [1]
  .bss               zero     0x20001e4d     0x1  ant.o [1]
  .bss               zero     0x20001e4e     0x1  captouch.o [1]
  .bss               zero     0x20001e4f     0x1  captouch.o [1]
  .bss               zero     0x20001e50     0x1  debug.o [1]
  .bss               zero     0x20001e51     0x1  debug.o [1]
  .bss               zero     0x20001e52     0x1  lcd_NHD-C12864LZ.o [1]
  .bss               zero     0x20001e53     0x1  lcd_NHD-C12864LZ.o [1]
  .bss               zero     0x20001e54     0x1  lcd_NHD-C12864LZ.o [1]
  .bss               zero     0x20001e55     0x1  messaging.o [1]
  .bss               zero     0x20001e56     0x1  sam3u_i2c.o [1]
  .bss               zero     0x20001e57     0x1  sam3u_i2c.o [1]
  .bss               zero     0x20001e58     0x1  sam3u_i2c.o [1]
  .bss               zero     0x20001e59     0x1  sam3u_uart.o [1]
  .bss               zero     0x20001e5a     0x1  user_app.o [1]
  .bss               zero     0x20001e5b     0x1  user_app.o [1]
  .bss               zero     0x20001e5c     0x1  user_app.o [1]
  .bss               zero     0x20001e5d     0x1  user_app.o [1]
  .bss               zero     0x20001e5e     0x1  burst_10_AA_BB.o [4]
  .bss               zero     0x20001e5f     0x1  touch_rs_qt.o [4]
  HEAP                        0x20001e60  0x2000  <Block>
    HEAP             uninit   0x20001e60  0x2000  <Block tail>
                            - 0x20003e60  0x3e60

"P3":                                     0x2000
  CSTACK                      0x20080000  0x2000  <Block>
    CSTACK           uninit   0x20080000  0x2000  <Block tail>
                            - 0x20082000  0x2000


*******************************************************************************
*** INIT TABLE
***

          Address     Size
          -------     ----
Zero (__iar_zero_init3)
    1 destination range, total size 0x19c4:
          0x2000049c  0x19c4

Copy/lz77 (__iar_lz77_init3)
    1 source range, total size 0x305 (65% of destination):
          0x00086b2c   0x305
    1 destination range, total size 0x49c:
          0x20000000   0x49c



*******************************************************************************
*** MODULE SUMMARY
***

    Module                 ro code  ro data  rw data
    ------                 -------  -------  -------
C:\Users\Theo\Documents\GitHub\MPGL2\firmware_mpgl2\iar_7_20_1\Debug\Obj: [1]
    ant.o                    3 858      522      800
    ant_api.o                  524       44
    board_cstartup_iar.o        20      188
    buttons.o                  676       24       52
    captouch.o                 388      108       10
    debug.o                  1 700      691      445
    exceptions.o                62
    interrupts.o               476       33        2
    lcd_NHD-C12864LZ.o       2 260       30    1 283
    lcd_bitmaps.o                     1 304
    leds.o                     772      135      208
    main.o                     184                 8
    messaging.o                668        3    3 093
    mpgl2-ehdw-02.o          1 036       21       48
    sam3u_i2c.o              1 536               299
    sam3u_ssp.o              2 256       32      376
    sam3u_uart.o             1 400       32      185
    user_app.o               1 478      171      408
    utilities.o                 60       10       16
    ------------------------------------------------
    Total:                  19 354    3 348    7 233

command line: [2]
    ------------------------------------------------
    Total:

dl7M_tln.a: [3]
    abort.o                      6
    exit.o                       4
    strcat.o                    28
    xgetmemchunk.o              44                 4
    xxmemxfree.o               128
    xxmemxmalloc.o             176                 8
    ------------------------------------------------
    Total:                     386                12

libsam3u-32qt-k-8rs-iar.a: [4]
    burst_10_AA_BB.o         1 232                 1
    calc_masks.o               328
    touch_api.o                524        1      165
    touch_burst_qt.o            96                32
    touch_process.o          1 092               292
    touch_rs_qt.o              864                41
    ------------------------------------------------
    Total:                   4 136        1      531

rt7M_tl.a: [5]
    ABImemcpy_unaligned.o      118
    ABImemset.o                102
    cexit.o                     10
    cmain.o                     26
    cstartup_M.o                12
    data_init.o                 40
    lz77_init.o                450
    strcmp_unaligned.o          66
    strlen.o                    54
    zero_init3.o                34
    ------------------------------------------------
    Total:                     912

shb_l.a: [6]
    exit.o                      20
    ------------------------------------------------
    Total:                      20

    Gaps                         6        2
    Linker created                       44   16 384
----------------------------------------------------
    Grand Total:            24 814    3 395   24 160


*******************************************************************************
*** ENTRY LIST
***

Entry                      Address   Size  Type      Object
-----                      -------   ----  ----      ------
.intvec$$Base           0x00080000          --   Gb  - Linker created -
.intvec$$Limit          0x000800bc          --   Gb  - Linker created -
?main                   0x000869a1         Code  Gb  cmain.o [5]
ADCC0_IrqHandler        0x00081005    0x2  Code  Wk  exceptions.o [1]
ADCC1_IrqHandler        0x00081007    0x2  Code  Wk  exceptions.o [1]
AddNewMessageStatus     0x000823a5   0x34  Code  Lc  messaging.o [1]
AdvanceAntRxBufferCurrentChar
                        0x0008043d   0x28  Code  Lc  ant.o [1]
AdvanceAntRxBufferUnreadMsgPointer
                        0x00080465   0x28  Code  Lc  ant.o [1]
AntAbortMessage         0x00080411   0x2c  Code  Lc  ant.o [1]
AntCalculateTxChecksum  0x000808f7   0x24  Code  Gb  ant.o [1]
AntChannelConfig        0x00084671  0x1aa  Code  Gb  ant_api.o [1]
AntDeQueueOutgoingMessage
                        0x00080d77   0x22  Code  Lc  ant.o [1]
AntExpectResponse       0x000807b5   0xe4  Code  Gb  ant.o [1]
AntInitialize           0x0008048d  0x190  Code  Gb  ant.o [1]
AntOpenChannel          0x0008481b   0x30  Code  Gb  ant_api.o [1]
AntProcessMessage       0x000809ed  0x284  Code  Lc  ant.o [1]
AntQueueApplicationMessage
                        0x00080cd1   0xa6  Code  Lc  ant.o [1]
AntQueueOutgoingMessage
                        0x0008091b   0xc8  Code  Gb  ant.o [1]
AntRunActiveState       0x0008061d    0xc  Code  Gb  ant.o [1]
AntRxFlowControlCallback
                        0x000808b1   0x46  Code  Gb  ant.o [1]
AntRxMessage            0x000801cd  0x244  Code  Lc  ant.o [1]
AntSM_Idle              0x00080db1   0x96  Code  Gb  ant.o [1]
AntSM_NoResponse        0x00080fcd    0x2  Code  Gb  ant.o [1]
AntSM_ReceiveMessage    0x00080e55   0x18  Code  Gb  ant.o [1]
AntSM_TransmitMessage   0x00080e7d   0x76  Code  Gb  ant.o [1]
AntSrdyPulse            0x000801a3   0x2a  Code  Lc  ant.o [1]
AntSyncSerialInitialize
                        0x000800bd   0xe6  Code  Lc  ant.o [1]
AntTick                 0x00080c79   0x42  Code  Lc  ant.o [1]
AntTxFlowControlCallback
                        0x00080899   0x16  Code  Gb  ant.o [1]
AntTxMessage            0x00080629  0x18c  Code  Gb  ant.o [1]
Ant_DebugProcessRxMessages
                        0x20001d54    0x4  Data  Lc  ant.o [1]
Ant_DebugQueuedDataMessages
                        0x20001d58    0x4  Data  Lc  ant.o [1]
Ant_DebugRxMessageCounter
                        0x20001d4c    0x4  Data  Lc  ant.o [1]
Ant_DebugTotalRxMessages
                        0x20001d50    0x4  Data  Lc  ant.o [1]
Ant_Ssp                 0x20001d30    0x4  Data  Lc  ant.o [1]
Ant_au8AntRxBuffer      0x2000149c  0x100  Data  Lc  ant.o [1]
Ant_pfnStateMachine     0x20001d10    0x4  Data  Lc  ant.o [1]
Ant_psDataOutgoingMsgList
                        0x20001d44    0x4  Data  Lc  ant.o [1]
Ant_pu8AntRxBufferCurrentChar
                        0x20001d38    0x4  Data  Lc  ant.o [1]
Ant_pu8AntRxBufferNextChar
                        0x20001d34    0x4  Data  Lc  ant.o [1]
Ant_pu8AntRxBufferUnreadMsg
                        0x20001d3c    0x4  Data  Lc  ant.o [1]
Ant_sSspConfig          0x20001ae0   0x24  Data  Lc  ant.o [1]
Ant_u32ApplicationMessageCount
                        0x20001d40    0x4  Data  Lc  ant.o [1]
Ant_u32CurrentTxMessageToken
                        0x20001d2c    0x4  Data  Lc  ant.o [1]
Ant_u32OutgoingMessageCount
                        0x20001d48    0x4  Data  Lc  ant.o [1]
Ant_u32RxByteCounter    0x20001d20    0x4  Data  Lc  ant.o [1]
Ant_u32RxTimeoutCounter
                        0x20001d24    0x4  Data  Lc  ant.o [1]
Ant_u32RxTimer          0x20001d14    0x4  Data  Lc  ant.o [1]
Ant_u32TxByteCounter    0x20001d1c    0x4  Data  Lc  ant.o [1]
Ant_u32TxTimer          0x20001d18    0x4  Data  Lc  ant.o [1]
Ant_u32UnexpectedByteCounter
                        0x20001d28    0x4  Data  Lc  ant.o [1]
Ant_u8AntNewRxMessages  0x20001e4a    0x1  Data  Lc  ant.o [1]
Ant_u8AntVersion        0x20001cd4    0xc  Data  Lc  ant.o [1]
Ant_u8SlaveMissedMessageHigh
                        0x20001e4b    0x1  Data  Lc  ant.o [1]
Ant_u8SlaveMissedMessageLow
                        0x20001e4d    0x1  Data  Lc  ant.o [1]
Ant_u8SlaveMissedMessageMid
                        0x20001e4c    0x1  Data  Lc  ant.o [1]
Bsp_u32TimingViolationsCounter
                        0x20001dc4    0x4  Data  Lc  mpgl2-ehdw-02.o [1]
BusFault_Handler        0x00080fd5    0x2  Code  Wk  exceptions.o [1]
ButtonAcknowledge       0x000848c9    0x8  Code  Gb  buttons.o [1]
ButtonInitialize        0x000848d1   0xb0  Code  Gb  buttons.o [1]
ButtonRunActiveState    0x00084981    0xa  Code  Gb  buttons.o [1]
ButtonSM_ButtonActive   0x000849d1   0xfc  Code  Lc  buttons.o [1]
ButtonSM_Idle           0x000849b1   0x20  Code  Lc  buttons.o [1]
Button_abNewPress       0x20001e46    0x2  Data  Lc  buttons.o [1]
Button_aeCurrentState   0x20001e42    0x2  Data  Lc  buttons.o [1]
Button_aeNewState       0x20001e44    0x2  Data  Lc  buttons.o [1]
Button_au32ButtonPins   0x00086ae8    0x8  Data  Lc  buttons.o [1]
Button_au32HoldTimeStart
                        0x20001ce8    0x8  Data  Lc  buttons.o [1]
Button_pfnStateMachine  0x20001d5c    0x4  Data  Lc  buttons.o [1]
Buttons_asArray         0x2000048c    0x4  Data  Lc  buttons.o [1]
CSTACK$$Base            0x20080000          --   Gb  - Linker created -
CSTACK$$Limit           0x20082000          --   Gb  - Linker created -
CapTouchInitialize      0x00086059   0x82  Code  Gb  captouch.o [1]
CapTouchRunActiveState  0x000860db    0xa  Code  Gb  captouch.o [1]
CapTouchSM_Idle         0x000861a1    0x2  Code  Gb  captouch.o [1]
CapTouchSetParameters   0x00086175   0x2c  Code  Lc  captouch.o [1]
CapTouchVerify          0x000860e5   0x90  Code  Lc  captouch.o [1]
CapTouch_pfnStateMachine
                        0x20001d60    0x4  Data  Gb  captouch.o [1]
CapTouch_u32Timer       0x20001d64    0x4  Data  Gb  captouch.o [1]
CapTouch_u8CurrentHSliderValue
                        0x20001e4e    0x1  Data  Gb  captouch.o [1]
CapTouch_u8CurrentVSliderValue
                        0x20001e4f    0x1  Data  Gb  captouch.o [1]
ClockSetup              0x00084265   0x7a  Code  Gb  mpgl2-ehdw-02.o [1]
DBGU_IrqHandler         0x0008271d   0x1e  Code  Gb  sam3u_uart.o [1]
DeQueueMessage          0x000822b7   0x56  Code  Gb  messaging.o [1]
DebugCommandCaptouchValuesToggle
                        0x000814c7   0x46  Code  Lc  debug.o [1]
DebugCommandDummy       0x000813b1   0x1a  Code  Lc  debug.o [1]
DebugCommandLedTestToggle
                        0x000813cb   0x56  Code  Lc  debug.o [1]
DebugCommandPrepareList
                        0x00081319   0x98  Code  Lc  debug.o [1]
DebugCommandSysTimeToggle
                        0x00081481   0x46  Code  Lc  debug.o [1]
DebugInitialize         0x00081245   0x9e  Code  Gb  debug.o [1]
DebugLedTestCharacter   0x00081421   0x60  Code  Lc  debug.o [1]
DebugLineFeed           0x00081105   0x1c  Code  Gb  debug.o [1]
DebugMon_Handler        0x00080fdb    0x2  Code  Wk  exceptions.o [1]
DebugPrintNumber        0x00081121   0xb0  Code  Gb  debug.o [1]
DebugPrintf             0x000810e1   0x24  Code  Gb  debug.o [1]
DebugRunActiveState     0x000812e3    0xc  Code  Gb  debug.o [1]
DebugRxCallback         0x000812f1   0x28  Code  Gb  debug.o [1]
DebugSM_CheckCmd        0x000815f5   0xb2  Code  Lc  debug.o [1]
DebugSM_Error           0x000816c1   0x34  Code  Lc  debug.o [1]
DebugSM_Idle            0x0008150d   0xe8  Code  Lc  debug.o [1]
DebugSM_ProcessCmd      0x000816a9   0x18  Code  Lc  debug.o [1]
Debug_Uart              0x20001d70    0x4  Data  Lc  debug.o [1]
Debug_au8CommandBuffer  0x200019ac   0x40  Data  Lc  debug.o [1]
Debug_au8Commands       0x200001f4   0x40  Data  Gb  debug.o [1]
Debug_au8RxBuffer       0x2000182c   0x80  Data  Lc  debug.o [1]
Debug_au8StartupMsg     0x20000170   0x44  Data  Lc  debug.o [1]
Debug_bLedTestActive    0x2000049a    0x1  Data  Lc  debug.o [1]
Debug_pfnStateMachine   0x20001d6c    0x4  Data  Lc  debug.o [1]
Debug_pu8CmdBufferNextChar
                        0x20001d80    0x4  Data  Lc  debug.o [1]
Debug_pu8RxBufferNextChar
                        0x20001d78    0x4  Data  Lc  debug.o [1]
Debug_pu8RxBufferParser
                        0x20001d7c    0x4  Data  Lc  debug.o [1]
Debug_u16CommandSize    0x20001e48    0x2  Data  Lc  debug.o [1]
Debug_u32CurrentMessageToken
                        0x20001d74    0x4  Data  Lc  debug.o [1]
Debug_u8Command         0x20001e51    0x1  Data  Lc  debug.o [1]
Debug_u8ErrorCode       0x20001e50    0x1  Data  Lc  debug.o [1]
EFC0_IrqHandler         0x00080feb    0x2  Code  Wk  exceptions.o [1]
EFC1_IrqHandler         0x00080fed    0x2  Code  Wk  exceptions.o [1]
G_aau8BigFonts          0x00086484  0x118  Data  Gb  lcd_bitmaps.o [1]
G_aau8LcdRamImage       0x20000d9c  0x400  Data  Gb  lcd_NHD-C12864LZ.o [1]
G_aau8SmallFonts        0x00085a00  0x2a0  Data  Gb  lcd_bitmaps.o [1]
G_abButtonDebounceActive
                        0x20001e40    0x2  Data  Gb  buttons.o [1]
G_au32ButtonDebounceTimeStart
                        0x20001ce0    0x8  Data  Gb  buttons.o [1]
G_au8AntMessageAssign   0x200003b0   0x14  Data  Gb  ant.o [1]
G_au8AntMessageClose    0x200003d8   0x14  Data  Gb  ant.o [1]
G_au8AntMessageFail     0x20000464    0x8  Data  Gb  ant.o [1]
G_au8AntMessageInit     0x20000338   0x18  Data  Gb  ant.o [1]
G_au8AntMessageInitFail
                        0x20000268   0x20  Data  Gb  ant.o [1]
G_au8AntMessageNoAnt    0x200001b4   0x40  Data  Gb  ant.o [1]
G_au8AntMessageOk       0x2000045c    0x8  Data  Gb  ant.o [1]
G_au8AntMessageOpen     0x200003ec   0x14  Data  Gb  ant.o [1]
G_au8AntMessageSetup    0x200003c4   0x14  Data  Gb  ant.o [1]
G_au8AntMessageUnassign
                        0x20000320   0x18  Data  Gb  ant.o [1]
G_au8AntMessageUnhandled
                        0x200002e8   0x1c  Data  Gb  ant.o [1]
G_au8MessageOFF         0x20000484    0x8  Data  Gb  utilities.o [1]
G_au8MessageON          0x2000047c    0x8  Data  Gb  utilities.o [1]
G_sAntApplicationMsgList
                        0x20001d0c    0x4  Data  Gb  ant.o [1]
G_sLcdClearWholeScreen  0x20000474    0x8  Data  Gb  lcd_NHD-C12864LZ.o [1]
G_stAntSetupData        0x20001cc8    0xc  Data  Gb  ant.o [1]
G_u32AntFlags           0x20001d08    0x4  Data  Gb  ant.o [1]
G_u32ApplicationFlags   0x20001da8    0x4  Data  Gb  main.o [1]
G_u32DebugFlags         0x20001d68    0x4  Data  Gb  debug.o [1]
G_u32MessagingFlags     0x20001dac    0x4  Data  Gb  messaging.o [1]
G_u32Ssp1ApplicationFlags
                        0x20001de4    0x4  Data  Gb  sam3u_ssp.o [1]
G_u32Ssp2ApplicationFlags
                        0x20001de8    0x4  Data  Gb  sam3u_ssp.o [1]
G_u32SystemFlags        0x20001da4    0x4  Data  Gb  main.o [1]
G_u32SystemTime1ms      0x20001dbc    0x4  Data  Gb  mpgl2-ehdw-02.o [1]
G_u32SystemTime1s       0x20001dc0    0x4  Data  Gb  mpgl2-ehdw-02.o [1]
G_u32Uart0ApplicationFlags
                        0x20001e14    0x4  Data  Gb  sam3u_uart.o [1]
G_u32UartApplicationFlags
                        0x20001e10    0x4  Data  Gb  sam3u_uart.o [1]
GetButtonBitLocation    0x0008498b   0x26  Code  Gb  buttons.o [1]
GpioSetup               0x00084389   0xfe  Code  Gb  mpgl2-ehdw-02.o [1]
HDMA_IrqHandler         0x00081009    0x2  Code  Wk  exceptions.o [1]
HEAP$$Base              0x20001e60          --   Gb  - Linker created -
HEAP$$Limit             0x20003e60          --   Gb  - Linker created -
HSMC4_IrqHandler        0x00080fef    0x2  Code  Wk  exceptions.o [1]
HardFault_Handler       0x00085d13   0x4c  Code  Gb  interrupts.o [1]
InStream_Read           0x00085e7d   0x22  Code  Lc  lz77_init.o [5]
InterruptSetup          0x00085cc9   0x4a  Code  Gb  interrupts.o [1]
IrqHandlerNotUsed       0x00080fcf    0x2  Code  Gb  exceptions.o [1]
IsButtonPressed         0x000848a5   0x12  Code  Gb  buttons.o [1]
IsTimeUp                0x0008100d   0x38  Code  Gb  utilities.o [1]
LcdClearPixels          0x00082f33   0xac  Code  Gb  lcd_NHD-C12864LZ.o [1]
LcdClearScreen          0x00082fdf   0x34  Code  Gb  lcd_NHD-C12864LZ.o [1]
LcdCommand              0x00083013   0x58  Code  Gb  lcd_NHD-C12864LZ.o [1]
LcdInitialize           0x0008306b  0x1ba  Code  Gb  lcd_NHD-C12864LZ.o [1]
LcdLoadBitmap           0x00082dc1  0x172  Code  Gb  lcd_NHD-C12864LZ.o [1]
LcdLoadPageToBuffer     0x000832e5   0xc4  Code  Lc  lcd_NHD-C12864LZ.o [1]
LcdLoadString           0x00082d31   0x90  Code  Gb  lcd_NHD-C12864LZ.o [1]
LcdManualMode           0x00083231   0x4e  Code  Gb  lcd_NHD-C12864LZ.o [1]
LcdRunActiveState       0x00083225    0xc  Code  Gb  lcd_NHD-C12864LZ.o [1]
LcdSM_Idle              0x00083449   0xc8  Code  Lc  lcd_NHD-C12864LZ.o [1]
LcdSM_WaitTransfer      0x00083511   0x74  Code  Lc  lcd_NHD-C12864LZ.o [1]
LcdSetStartAddressForDataTransfer
                        0x0008327f   0x66  Code  Lc  lcd_NHD-C12864LZ.o [1]
LcdUpdateScreenRefreshArea
                        0x000833a9   0x9c  Code  Lc  lcd_NHD-C12864LZ.o [1]
Lcd_ReturnState         0x20001d94    0x4  Data  Gb  lcd_NHD-C12864LZ.o [1]
Lcd_Ssp                 0x20001d9c    0x4  Data  Lc  lcd_NHD-C12864LZ.o [1]
Lcd_au8MessageInit      0x20000438    0xc  Data  Lc  lcd_NHD-C12864LZ.o [1]
Lcd_au8MessageWelcome   0x20000444    0xc  Data  Lc  lcd_NHD-C12864LZ.o [1]
Lcd_au8RxDummyBuffer    0x20001e54    0x1  Data  Lc  lcd_NHD-C12864LZ.o [1]
Lcd_au8SetupArray       0x20000450    0xc  Data  Lc  lcd_NHD-C12864LZ.o [1]
Lcd_au8TxBuffer         0x200018ac   0x80  Data  Lc  lcd_NHD-C12864LZ.o [1]
Lcd_pfnStateMachine     0x20001d84    0x4  Data  Lc  lcd_NHD-C12864LZ.o [1]
Lcd_pu8RxDummyBuffer    0x20001da0    0x4  Data  Lc  lcd_NHD-C12864LZ.o [1]
Lcd_sCurrentUpdateArea  0x20001cf8    0x8  Data  Lc  lcd_NHD-C12864LZ.o [1]
Lcd_sSspConfig          0x20001b04   0x24  Data  Lc  lcd_NHD-C12864LZ.o [1]
Lcd_sUpdateArea         0x20001cf0    0x8  Data  Lc  lcd_NHD-C12864LZ.o [1]
Lcd_u32CurrentMsgToken  0x20001d98    0x4  Data  Lc  lcd_NHD-C12864LZ.o [1]
Lcd_u32Flags            0x20001d88    0x4  Data  Lc  lcd_NHD-C12864LZ.o [1]
Lcd_u32RefreshTimer     0x20001d90    0x4  Data  Lc  lcd_NHD-C12864LZ.o [1]
Lcd_u32Timer            0x20001d8c    0x4  Data  Lc  lcd_NHD-C12864LZ.o [1]
Lcd_u8CurrentPage       0x20001e53    0x1  Data  Lc  lcd_NHD-C12864LZ.o [1]
Lcd_u8PagesToUpdate     0x20001e52    0x1  Data  Lc  lcd_NHD-C12864LZ.o [1]
LedInitialize           0x00082a6b   0xac  Code  Gb  leds.o [1]
LedOff                  0x000829f1   0x58  Code  Gb  leds.o [1]
LedOn                   0x00082999   0x58  Code  Gb  leds.o [1]
LedToggle               0x00082a49   0x22  Code  Gb  leds.o [1]
LedUpdate               0x00082b17  0x162  Code  Gb  leds.o [1]
Led_au32BitPositions    0x20000234   0x34  Data  Lc  leds.o [1]
Leds_asLedArray         0x2000009c   0x84  Data  Lc  leds.o [1]
MCI0_IrqHandler         0x00080ff5    0x2  Code  Wk  exceptions.o [1]
MemManage_Handler       0x00080fd3    0x2  Code  Wk  exceptions.o [1]
MessagingIdle           0x000823d9   0x1c  Code  Gb  messaging.o [1]
MessagingInitialize     0x0008230d   0x72  Code  Gb  messaging.o [1]
MessagingRunActiveState
                        0x0008237f    0xa  Code  Gb  messaging.o [1]
Messaging_pfnStateMachine
                        0x20001db0    0x4  Data  Lc  messaging.o [1]
Msg_Pool                0x2000049c  0x900  Data  Lc  messaging.o [1]
Msg_StatusQueue         0x2000119c  0x300  Data  Lc  messaging.o [1]
Msg_pNextStatus         0x20001db8    0x4  Data  Lc  messaging.o [1]
Msg_u32Token            0x20001db4    0x4  Data  Lc  messaging.o [1]
Msg_u8QueuedMessageCount
                        0x20001e55    0x1  Data  Lc  messaging.o [1]
NMI_Handler             0x00080fd1    0x2  Code  Wk  exceptions.o [1]
NVIC_ClearPendingIRQ    0x00084891   0x14  Code  Lc  buttons.o [1]
NVIC_ClearPendingIRQ    0x00085cb5   0x14  Code  Lc  interrupts.o [1]
NVIC_ClearPendingIRQ    0x00083653   0x16  Code  Lc  sam3u_i2c.o [1]
NVIC_ClearPendingIRQ    0x0008179b   0x16  Code  Lc  sam3u_ssp.o [1]
NVIC_ClearPendingIRQ    0x00082437   0x16  Code  Lc  sam3u_uart.o [1]
NVIC_DisableIRQ         0x00085ca1   0x14  Code  Lc  interrupts.o [1]
NVIC_EnableIRQ          0x0008487d   0x14  Code  Lc  buttons.o [1]
NVIC_EnableIRQ          0x0008363d   0x16  Code  Lc  sam3u_i2c.o [1]
NVIC_EnableIRQ          0x00081785   0x16  Code  Lc  sam3u_ssp.o [1]
NVIC_EnableIRQ          0x00082421   0x16  Code  Lc  sam3u_uart.o [1]
OutStream_Write         0x00085e9f   0x40  Code  Lc  lz77_init.o [5]
PIOA_IrqHandler         0x00085d9b   0x54  Code  Gb  interrupts.o [1]
PIOB_IrqHandler         0x00085def   0x56  Code  Gb  interrupts.o [1]
PIOC_IrqHandler         0x00080ff1    0x2  Code  Wk  exceptions.o [1]
PMC_IrqHandler          0x00080fe9    0x2  Code  Wk  exceptions.o [1]
PWMAudioOff             0x000844f9    0x6  Code  Gb  mpgl2-ehdw-02.o [1]
PWMAudioOn              0x000844ef    0xa  Code  Gb  mpgl2-ehdw-02.o [1]
PWMAudioSetFrequency    0x000844bd   0x32  Code  Gb  mpgl2-ehdw-02.o [1]
PWMSetupAudio           0x00084487   0x36  Code  Gb  mpgl2-ehdw-02.o [1]
PWM_IrqHandler          0x00081003    0x2  Code  Wk  exceptions.o [1]
PendSV_Handler          0x00080fdd    0x2  Code  Wk  exceptions.o [1]
QueryMessageStatus      0x00082185   0x38  Code  Gb  messaging.o [1]
QueueMessage            0x000821bd   0xfa  Code  Gb  messaging.o [1]
RSTC_IrqHandler         0x00080fe1    0x2  Code  Wk  exceptions.o [1]
RTC_IrqHandler          0x00080fe3    0x2  Code  Wk  exceptions.o [1]
RTT_IrqHandler          0x00080fe5    0x2  Code  Wk  exceptions.o [1]
Region$$Table$$Base     0x000868e0          --   Gb  - Linker created -
Region$$Table$$Limit    0x0008690c          --   Gb  - Linker created -
SNSK_array              0x20001bec   0x10  Data  Gb  touch_burst_qt.o [4]
SNS_array               0x20001bdc   0x10  Data  Gb  touch_burst_qt.o [4]
SPI0_IrqHandler         0x00080ff9    0x2  Code  Wk  exceptions.o [1]
SSC0_IrqHandler         0x00080ffb    0x2  Code  Wk  exceptions.o [1]
SSP_Peripheral0         0x200019ec   0x34  Data  Lc  sam3u_ssp.o [1]
SSP_Peripheral1         0x20001a20   0x34  Data  Lc  sam3u_ssp.o [1]
SSP_Peripheral2         0x20001a54   0x34  Data  Lc  sam3u_ssp.o [1]
SSP_au8Dummies          0x2000192c   0x80  Data  Lc  sam3u_ssp.o [1]
SSP_psCurrentISR        0x20001dfc    0x4  Data  Lc  sam3u_ssp.o [1]
SSP_psCurrentSsp        0x20001df8    0x4  Data  Lc  sam3u_ssp.o [1]
SSP_pu32SspApplicationFlagsISR
                        0x20001e00    0x4  Data  Lc  sam3u_ssp.o [1]
SSP_u32AntCounter       0x20001e0c    0x4  Data  Lc  sam3u_ssp.o [1]
SSP_u32Flags            0x20001df4    0x4  Data  Lc  sam3u_ssp.o [1]
SSP_u32Int1Count        0x20001e04    0x4  Data  Lc  sam3u_ssp.o [1]
SSP_u32Int2Count        0x20001e08    0x4  Data  Lc  sam3u_ssp.o [1]
SSP_u32Timer            0x20001df0    0x4  Data  Lc  sam3u_ssp.o [1]
SUPC_IrqHandler         0x00080fdf    0x2  Code  Wk  exceptions.o [1]
SVC_Handler             0x00080fd9    0x2  Code  Wk  exceptions.o [1]
SspGenericHandler       0x00081acf  0x352  Code  Gb  sam3u_ssp.o [1]
SspInitialize           0x00081929   0xfe  Code  Gb  sam3u_ssp.o [1]
SspManualMode           0x00081a33   0x48  Code  Gb  sam3u_ssp.o [1]
SspRequest              0x000817b1  0x148  Code  Gb  sam3u_ssp.o [1]
SspRunActiveState       0x00081a27    0xc  Code  Gb  sam3u_ssp.o [1]
SspSM_Idle              0x00081e21  0x1c0  Code  Gb  sam3u_ssp.o [1]
SspWriteData            0x000818f9   0x30  Code  Gb  sam3u_ssp.o [1]
Ssp_pfnStateMachine     0x20001dec    0x4  Data  Lc  sam3u_ssp.o [1]
SysTickSetup            0x000842df   0x22  Code  Gb  mpgl2-ehdw-02.o [1]
SysTick_Handler         0x00085d5f   0x3c  Code  Gb  interrupts.o [1]
SystemSleep             0x00084301   0x7a  Code  Gb  mpgl2-ehdw-02.o [1]
SystemStatusReport      0x000811d1   0x74  Code  Gb  debug.o [1]
TC0_IrqHandler          0x00080ffd    0x2  Code  Wk  exceptions.o [1]
TC1_IrqHandler          0x00080fff    0x2  Code  Wk  exceptions.o [1]
TC2_IrqHandler          0x00081001    0x2  Code  Wk  exceptions.o [1]
TWI0                    0x20001dd8    0x4  Data  Lc  sam3u_i2c.o [1]
TWI0FillTxBuffer        0x00083777   0x96  Code  Lc  sam3u_i2c.o [1]
TWI0_IrqHandler         0x0008380d   0xb8  Code  Gb  sam3u_i2c.o [1]
TWI1_IrqHandler         0x00080ff7    0x2  Code  Wk  exceptions.o [1]
TWIInitialize           0x00083669  0x102  Code  Gb  sam3u_i2c.o [1]
TWIRunActiveState       0x0008376b    0xc  Code  Gb  sam3u_i2c.o [1]
TWISM_Error             0x00083b59   0x94  Code  Gb  sam3u_i2c.o [1]
TWISM_Idle              0x000838c9  0x142  Code  Gb  sam3u_i2c.o [1]
TWISM_Receiving         0x00083ae1   0x78  Code  Gb  sam3u_i2c.o [1]
TWISM_Transmitting      0x00083a0d   0xd2  Code  Gb  sam3u_i2c.o [1]
TWI_MessageBuffer       0x2000159c  0x100  Data  Lc  sam3u_i2c.o [1]
TWI_MessageBufferCurIndex
                        0x20001e57    0x1  Data  Lc  sam3u_i2c.o [1]
TWI_MessageBufferNextIndex
                        0x20001e56    0x1  Data  Lc  sam3u_i2c.o [1]
TWI_MessageQueueLength  0x20001e58    0x1  Data  Lc  sam3u_i2c.o [1]
TWI_Peripheral0         0x20001cb8   0x10  Data  Lc  sam3u_i2c.o [1]
TWI_StateMachine        0x20001dcc    0x4  Data  Lc  sam3u_i2c.o [1]
TWI_pu8CurrentTxData    0x20001de0    0x4  Data  Lc  sam3u_i2c.o [1]
TWI_u32CurrentBytesRemaining
                        0x20001ddc    0x4  Data  Lc  sam3u_i2c.o [1]
TWI_u32Flags            0x20001dd4    0x4  Data  Lc  sam3u_i2c.o [1]
TWI_u32Timer            0x20001dd0    0x4  Data  Lc  sam3u_i2c.o [1]
UART_Peripheral         0x20001b28   0x24  Data  Lc  sam3u_uart.o [1]
UART_Peripheral0        0x20001b4c   0x24  Data  Lc  sam3u_uart.o [1]
UART_Peripheral1        0x20001b70   0x24  Data  Lc  sam3u_uart.o [1]
UART_Peripheral2        0x20001b94   0x24  Data  Lc  sam3u_uart.o [1]
UART_psCurrentISR       0x20001e28    0x4  Data  Lc  sam3u_uart.o [1]
UART_psCurrentUart      0x20001e24    0x4  Data  Lc  sam3u_uart.o [1]
UART_pu32ApplicationFlagsISR
                        0x20001e2c    0x4  Data  Lc  sam3u_uart.o [1]
UART_u32Flags           0x20001e20    0x4  Data  Lc  sam3u_uart.o [1]
UART_u32Int0Count       0x20001e34    0x4  Data  Lc  sam3u_uart.o [1]
UART_u32IntCount        0x20001e30    0x4  Data  Lc  sam3u_uart.o [1]
UART_u32Timer           0x20001e1c    0x4  Data  Lc  sam3u_uart.o [1]
UART_u8ActiveUarts      0x20001e59    0x1  Data  Lc  sam3u_uart.o [1]
UDPD_IrqHandler         0x0008100b    0x2  Code  Wk  exceptions.o [1]
USART0_IrqHandler       0x0008273b   0x1e  Code  Gb  sam3u_uart.o [1]
USART1_IrqHandler       0x00081a7b   0x2a  Code  Gb  sam3u_ssp.o [1]
USART2_IrqHandler       0x00081aa5   0x2a  Code  Gb  sam3u_ssp.o [1]
USART3_IrqHandler       0x00080ff3    0x2  Code  Wk  exceptions.o [1]
UartGenericHandler      0x00082759   0xf4  Code  Gb  sam3u_uart.o [1]
UartInitialize          0x000825e1   0xfc  Code  Gb  sam3u_uart.o [1]
UartManualMode          0x000826e7   0x36  Code  Lc  sam3u_uart.o [1]
UartRequest             0x0008244d  0x138  Code  Gb  sam3u_uart.o [1]
UartRunActiveState      0x000826dd    0xa  Code  Gb  sam3u_uart.o [1]
UartSM_Idle             0x00082851   0xd8  Code  Gb  sam3u_uart.o [1]
UartWriteByte           0x00082585   0x30  Code  Gb  sam3u_uart.o [1]
UartWriteData           0x000825b5   0x2c  Code  Gb  sam3u_uart.o [1]
Uart_pfnStateMachine    0x20001e18    0x4  Data  Lc  sam3u_uart.o [1]
UpdateMessageStatus     0x00082389   0x1c  Code  Gb  messaging.o [1]
UsageFault_Handler      0x00080fd7    0x2  Code  Wk  exceptions.o [1]
UserAppInitialize       0x00084047   0x70  Code  Gb  user_app.o [1]
UserAppRunActiveState   0x000840b7    0xa  Code  Gb  user_app.o [1]
UserAppSM_FailedInit    0x00084201    0x2  Code  Lc  user_app.o [1]
UserAppSM_Idle          0x000840c1   0xcc  Code  Lc  user_app.o [1]
UserApp_StateMachine    0x20001e38    0x4  Data  Lc  user_app.o [1]
WDT_IrqHandler          0x00080fe7    0x2  Code  Wk  exceptions.o [1]
WasButtonPressed        0x000848b7   0x12  Code  Gb  buttons.o [1]
WatchDogSetup           0x0008437b    0xe  Code  Gb  mpgl2-ehdw-02.o [1]
__ICFEDIT_intvec_start__ {Abs}
                        0x00080000          --   Gb  command line/config [2]
__aeabi_memset          0x00082c9d         Code  Gb  ABImemset.o [5]
__as_entries_start      0xffffffff          --   Gb  command line/config [2]
__as_table_start        0xffffffff          --   Gb  command line/config [2]
__cmain                 0x000869a1         Code  Gb  cmain.o [5]
__data_Aldata           0x20001d00    0x8  Data  Gb  xxmemxmalloc.o [3]
__data_GetMemChunk      0x00082d05   0x2c  Code  Gb  xgetmemchunk.o [3]
__exit                  0x00086045   0x14  Code  Gb  exit.o [6]
__iar_Memset            0x00082c9d         Code  Gb  ABImemset.o [5]
__iar_Memset_word       0x00082ca5         Code  Gb  ABImemset.o [5]
__iar_data_init3        0x0008672d   0x28  Code  Gb  data_init.o [5]
__iar_lz77_init3        0x00085edf  0x160  Code  Gb  lz77_init.o [5]
__iar_program_start     0x00086aad         Code  Gb  cstartup_M.o [5]
__iar_strcmp            0x00084221         Code  Gb  strcmp_unaligned.o [5]
__iar_unaligned___aeabi_memcpy
                        0x00081049         Code  Gb  ABImemcpy_unaligned.o [5]
__iar_unaligned___aeabi_memcpy4
                        0x00081069         Code  Gb  ABImemcpy_unaligned.o [5]
__iar_unaligned___aeabi_memcpy8
                        0x00081069         Code  Gb  ABImemcpy_unaligned.o [5]
__iar_unaligned_strcmp  0x00084221         Code  Gb  strcmp_unaligned.o [5]
__iar_zero_init3        0x000810bf   0x22  Code  Gb  zero_init3.o [5]
__low_level_init        0x000869bd   0x14  Code  Gb  board_cstartup_iar.o [1]
__vector_table          0x00080000   0xbc  Data  Gb  board_cstartup_iar.o [1]
_call_main              0x000869ad         Code  Gb  cmain.o [5]
_exit                   0x000869d5         Code  Gb  cexit.o [5]
_main                   0x000869b7         Code  Gb  cmain.o [5]
aau8EngenuicsLogoBlack  0x000861dc  0x160  Data  Gb  lcd_bitmaps.o [1]
abort                   0x0008603f    0x6  Code  Gb  abort.o [3]
addSpace                0x00083c3d  0x142  Code  Gb  user_app.o [1]
burst                   0x0008566b   0x2e  Code  Gb  touch_burst_qt.o [4]
burst_10_AA_BB          0x00084b21  0x4d0  Code  Gb  burst_10_AA_BB.o [4]
burst_init              0x00085641    0xa  Code  Gb  touch_burst_qt.o [4]
burst_proc              0x20001cb4    0x4  Data  Gb  touch_api.o [4]
burst_reset             0x0008564b   0x20  Code  Gb  touch_burst_qt.o [4]
calc_masks              0x0008633d  0x148  Code  Gb  calc_masks.o [4]
calc_rotor_slider_sensor_delta
                        0x00085709   0x4e  Code  Gb  touch_rs_qt.o [4]
calc_rotor_slider_value
                        0x000857b5  0x1b4  Code  Gb  touch_rs_qt.o [4]
calibrate_sensor        0x0008525b   0x60  Code  Lc  touch_process.o [4]
dht_counter             0x20001bb9    0x1  Data  Gb  touch_process.o [4]
divide                  0x00085757   0x5e  Code  Lc  touch_rs_qt.o [4]
drift_channel           0x000852bb   0x80  Code  Lc  touch_process.o [4]
drift_pos_recal_ctrs    0x20001bbc   0x20  Data  Lc  touch_process.o [4]
exit                    0x000869d1    0x4  Code  Gb  exit.o [3]
fill_out_rotor_slider_deltas
                        0x00085981   0x64  Code  Lc  touch_rs_qt.o [4]
free                    0x00082105   0x7a  Code  Gb  xxmemxfree.o [3]
freq_shift              0x2000049b    0x1  Data  Gb  touch_api.o [4]
get_channel_delta       0x00085619   0x14  Code  Gb  touch_process.o [4]
goto_no_detect          0x00085219   0x42  Code  Lc  touch_process.o [4]
lib_status_flags        0x20001828    0x2  Data  Gb  touch_api.o [4]
main                    0x0008659d   0xb8  Code  Gb  main.o [1]
malloc                  0x00082055   0xac  Code  Gb  xxmemxmalloc.o [3]
messageArray            0x20001bfc   0x1c  Data  Lc  user_app.o [1]
messageArray2           0x20001c18   0x1c  Data  Lc  user_app.o [1]
messageArray3           0x20001c34   0x1c  Data  Lc  user_app.o [1]
messageArray4           0x20001c50   0x1c  Data  Lc  user_app.o [1]
messageArray5           0x20001c6c   0x1c  Data  Lc  user_app.o [1]
messageArray6           0x20001c88   0x1c  Data  Lc  user_app.o [1]
messageCharCount        0x20001e5a    0x1  Data  Lc  user_app.o [1]
morseBinArray           0x20000000   0x9c  Data  Lc  user_app.o [1]
morseCharArray          0x20000304   0x1c  Data  Lc  user_app.o [1]
num_rotors_sliders      0x20001e5f    0x1  Data  Gb  touch_rs_qt.o [4]
num_sensors             0x20001bb8    0x1  Data  Gb  touch_process.o [4]
processCharacter        0x00083d7f  0x2c8  Code  Gb  user_app.o [1]
process_sensor          0x0008533b  0x2de  Code  Gb  touch_process.o [4]
q_get_PRIMASK           0x000851ed    0x8  Code  Gb  touch_api.o [4]
q_set_PRIMASK           0x000851f5    0x8  Code  Gb  touch_api.o [4]
qt_calibrate_sensing    0x00085033   0x1c  Code  Gb  touch_api.o [4]
qt_config_data          0x20001ca4    0x8  Data  Gb  touch_api.o [4]
qt_enable_slider        0x000856a1   0x5c  Code  Gb  touch_rs_qt.o [4]
qt_filter_callback      0x20001cb0    0x4  Data  Gb  touch_api.o [4]
qt_get_library_sig      0x00085021   0x12  Code  Gb  touch_api.o [4]
qt_get_sensor_delta     0x00085167   0x68  Code  Gb  touch_api.o [4]
qt_init_sensing_with_burst
                        0x00084ff1   0x30  Code  Gb  touch_api.o [4]
qt_measure_data         0x2000179c   0x8c  Data  Gb  touch_api.o [4]
qt_measure_sensors      0x00085081   0xe6  Code  Gb  touch_api.o [4]
qt_reset_sensing        0x0008504f   0x32  Code  Gb  touch_api.o [4]
rotor_slider_deltas     0x20001ad8    0x8  Data  Lc  touch_rs_qt.o [4]
rotor_slider_enter_detect
                        0x00085969   0x18  Code  Gb  touch_rs_qt.o [4]
rotors_sliders          0x20001ab8   0x20  Data  Lc  touch_rs_qt.o [4]
sensors                 0x2000169c  0x100  Data  Gb  touch_process.o [4]
start_cal_sensor        0x000851fd   0x1c  Code  Gb  touch_process.o [4]
strcat                  0x00084203   0x1c  Code  Gb  strcat.o [3]
strlen                  0x00083605         Code  Gb  strlen.o [5]
time_of_last_call_ms    0x20001cac    0x2  Data  Lc  touch_api.o [4]
timer_prescale          0x2000182a    0x2  Data  Lc  touch_api.o [4]


[1] = C:\Users\Theo\Documents\GitHub\MPGL2\firmware_mpgl2\iar_7_20_1\Debug\Obj
[2] = command line
[3] = dl7M_tln.a
[4] = libsam3u-32qt-k-8rs-iar.a
[5] = rt7M_tl.a
[6] = shb_l.a

  24 814 bytes of readonly  code memory
   3 395 bytes of readonly  data memory
  24 160 bytes of readwrite data memory

Errors: none
Warnings: none
